// Jest Snapshot v1, https://goo.gl/fbAQLP

exports[`GameCard should render correctly 1`] = `
<div
  className="GameCard"
>
  Hello game!
</div>
`;
